---------------Time to First Token----------------
Mean TTFT (ms):                          902.33    
Median TTFT (ms):                        1098.66   
P50 TTFT (ms):                           1098.66   
P90 TTFT (ms):                           1101.92   
P99 TTFT (ms):                           1104.45   
-----Time per Output Token (excl. 1st token)------
Mean TPOT (ms):                          24.89     
Median TPOT (ms):                        23.37     
P50 TPOT (ms):                           23.37     
P90 TPOT (ms):                           29.53     
P99 TPOT (ms):                           29.56     
---------------Inter-token Latency----------------
Mean ITL (ms):                           24.89     
Median ITL (ms):                         23.33     
P50 ITL (ms):                            23.33     
P90 ITL (ms):                            24.00     
P99 ITL (ms):                            25.57     
----------------End-to-end Latency----------------
Mean E2EL (ms):                          4063.23   
Median E2EL (ms):                        4066.59   
P50 E2EL (ms):                           4066.59   
P90 E2EL (ms):                           4069.87   
P99 E2EL (ms):                           4072.00   
==================================================
