---------------Time to First Token----------------
Mean TTFT (ms):                          901.88    
Median TTFT (ms):                        1096.78   
P50 TTFT (ms):                           1096.78   
P90 TTFT (ms):                           1103.18   
P99 TTFT (ms):                           1106.88   
-----Time per Output Token (excl. 1st token)------
Mean TPOT (ms):                          24.91     
Median TPOT (ms):                        23.38     
P50 TPOT (ms):                           23.38     
P90 TPOT (ms):                           29.52     
P99 TPOT (ms):                           29.55     
---------------Inter-token Latency----------------
Mean ITL (ms):                           24.91     
Median ITL (ms):                         23.33     
P50 ITL (ms):                            23.33     
P90 ITL (ms):                            23.98     
P99 ITL (ms):                            26.11     
----------------End-to-end Latency----------------
Mean E2EL (ms):                          4065.13   
Median E2EL (ms):                        4066.13   
P50 E2EL (ms):                           4066.13   
P90 E2EL (ms):                           4070.34   
P99 E2EL (ms):                           4072.57   
==================================================
