---------------Time to First Token----------------
Mean TTFT (ms):                          280.31    
Median TTFT (ms):                        280.51    
P50 TTFT (ms):                           280.51    
P90 TTFT (ms):                           282.12    
P99 TTFT (ms):                           283.28    
-----Time per Output Token (excl. 1st token)------
Mean TPOT (ms):                          24.00     
Median TPOT (ms):                        24.03     
P50 TPOT (ms):                           24.03     
P90 TPOT (ms):                           24.04     
P99 TPOT (ms):                           24.05     
---------------Inter-token Latency----------------
Mean ITL (ms):                           24.00     
Median ITL (ms):                         24.00     
P50 ITL (ms):                            24.00     
P90 ITL (ms):                            24.65     
P99 ITL (ms):                            25.31     
----------------End-to-end Latency----------------
Mean E2EL (ms):                          3328.32   
Median E2EL (ms):                        3331.94   
P50 E2EL (ms):                           3331.94   
P90 E2EL (ms):                           3334.15   
P99 E2EL (ms):                           3336.31   
==================================================
