---------------Time to First Token----------------
Mean TTFT (ms):                          785.35    
Median TTFT (ms):                        849.94    
P50 TTFT (ms):                           849.94    
P90 TTFT (ms):                           1095.65   
P99 TTFT (ms):                           1099.86   
-----Time per Output Token (excl. 1st token)------
Mean TPOT (ms):                          25.83     
Median TPOT (ms):                        25.33     
P50 TPOT (ms):                           25.33     
P90 TPOT (ms):                           29.46     
P99 TPOT (ms):                           29.62     
---------------Inter-token Latency----------------
Mean ITL (ms):                           25.83     
Median ITL (ms):                         23.34     
P50 ITL (ms):                            23.34     
P90 ITL (ms):                            23.95     
P99 ITL (ms):                            26.46     
----------------End-to-end Latency----------------
Mean E2EL (ms):                          4065.49   
Median E2EL (ms):                        4065.97   
P50 E2EL (ms):                           4065.97   
P90 E2EL (ms):                           4077.87   
P99 E2EL (ms):                           4099.30   
==================================================
