---------------Time to First Token----------------
Mean TTFT (ms):                          50.21     
Median TTFT (ms):                        49.96     
P50 TTFT (ms):                           49.96     
P90 TTFT (ms):                           51.21     
P99 TTFT (ms):                           52.28     
-----Time per Output Token (excl. 1st token)------
Mean TPOT (ms):                          23.92     
Median TPOT (ms):                        23.92     
P50 TPOT (ms):                           23.92     
P90 TPOT (ms):                           23.93     
P99 TPOT (ms):                           23.94     
---------------Inter-token Latency----------------
Mean ITL (ms):                           23.92     
Median ITL (ms):                         23.92     
P50 ITL (ms):                            23.92     
P90 ITL (ms):                            24.52     
P99 ITL (ms):                            25.27     
----------------End-to-end Latency----------------
Mean E2EL (ms):                          24518.51  
Median E2EL (ms):                        24516.61  
P50 E2EL (ms):                           24516.61  
P90 E2EL (ms):                           24528.81  
P99 E2EL (ms):                           24536.62  
==================================================
