---------------Time to First Token----------------
Mean TTFT (ms):                          148.57    
Median TTFT (ms):                        162.20    
P50 TTFT (ms):                           162.20    
P90 TTFT (ms):                           184.00    
P99 TTFT (ms):                           189.45    
-----Time per Output Token (excl. 1st token)------
Mean TPOT (ms):                          22.89     
Median TPOT (ms):                        22.88     
P50 TPOT (ms):                           22.88     
P90 TPOT (ms):                           22.94     
P99 TPOT (ms):                           22.96     
---------------Inter-token Latency----------------
Mean ITL (ms):                           22.89     
Median ITL (ms):                         22.85     
P50 ITL (ms):                            22.85     
P90 ITL (ms):                            23.57     
P99 ITL (ms):                            24.37     
----------------End-to-end Latency----------------
Mean E2EL (ms):                          23560.71  
Median E2EL (ms):                        23559.64  
P50 E2EL (ms):                           23559.64  
P90 E2EL (ms):                           23592.67  
P99 E2EL (ms):                           23595.35  
==================================================
