---------------Time to First Token----------------
Mean TTFT (ms):                          158.58    
Median TTFT (ms):                        178.77    
P50 TTFT (ms):                           178.77    
P90 TTFT (ms):                           190.22    
P99 TTFT (ms):                           198.24    
-----Time per Output Token (excl. 1st token)------
Mean TPOT (ms):                          22.87     
Median TPOT (ms):                        22.85     
P50 TPOT (ms):                           22.85     
P90 TPOT (ms):                           22.95     
P99 TPOT (ms):                           22.96     
---------------Inter-token Latency----------------
Mean ITL (ms):                           22.87     
Median ITL (ms):                         22.84     
P50 ITL (ms):                            22.84     
P90 ITL (ms):                            23.56     
P99 ITL (ms):                            24.31     
----------------End-to-end Latency----------------
Mean E2EL (ms):                          23557.99  
Median E2EL (ms):                        23548.96  
P50 E2EL (ms):                           23548.96  
P90 E2EL (ms):                           23586.39  
P99 E2EL (ms):                           23588.48  
==================================================
