---------------Time to First Token----------------
Mean TTFT (ms):                          698.61    
Median TTFT (ms):                        826.49    
P50 TTFT (ms):                           826.49    
P90 TTFT (ms):                           831.52    
P99 TTFT (ms):                           862.62    
-----Time per Output Token (excl. 1st token)------
Mean TPOT (ms):                          67.16     
Median TPOT (ms):                        66.22     
P50 TPOT (ms):                           66.22     
P90 TPOT (ms):                           70.15     
P99 TPOT (ms):                           70.32     
---------------Inter-token Latency----------------
Mean ITL (ms):                           67.16     
Median ITL (ms):                         66.12     
P50 ITL (ms):                            66.12     
P90 ITL (ms):                            67.10     
P99 ITL (ms):                            69.33     
----------------End-to-end Latency----------------
Mean E2EL (ms):                          9227.54   
Median E2EL (ms):                        9237.03   
P50 E2EL (ms):                           9237.03   
P90 E2EL (ms):                           9254.74   
P99 E2EL (ms):                           9268.90   
==================================================
