---------------Time to First Token----------------
Mean TTFT (ms):                          209.02    
Median TTFT (ms):                        208.97    
P50 TTFT (ms):                           208.97    
P90 TTFT (ms):                           210.63    
P99 TTFT (ms):                           214.07    
-----Time per Output Token (excl. 1st token)------
Mean TPOT (ms):                          81.14     
Median TPOT (ms):                        81.13     
P50 TPOT (ms):                           81.13     
P90 TPOT (ms):                           81.22     
P99 TPOT (ms):                           81.34     
---------------Inter-token Latency----------------
Mean ITL (ms):                           81.14     
Median ITL (ms):                         81.03     
P50 ITL (ms):                            81.03     
P90 ITL (ms):                            82.28     
P99 ITL (ms):                            83.45     
----------------End-to-end Latency----------------
Mean E2EL (ms):                          10513.86  
Median E2EL (ms):                        10515.40  
P50 E2EL (ms):                           10515.40  
P90 E2EL (ms):                           10524.08  
P99 E2EL (ms):                           10538.80  
==================================================
