---------------Time to First Token----------------
Mean TTFT (ms):                          208.69    
Median TTFT (ms):                        208.39    
P50 TTFT (ms):                           208.39    
P90 TTFT (ms):                           210.06    
P99 TTFT (ms):                           214.02    
-----Time per Output Token (excl. 1st token)------
Mean TPOT (ms):                          81.03     
Median TPOT (ms):                        81.07     
P50 TPOT (ms):                           81.07     
P90 TPOT (ms):                           81.17     
P99 TPOT (ms):                           81.39     
---------------Inter-token Latency----------------
Mean ITL (ms):                           81.03     
Median ITL (ms):                         80.91     
P50 ITL (ms):                            80.91     
P90 ITL (ms):                            82.22     
P99 ITL (ms):                            83.23     
----------------End-to-end Latency----------------
Mean E2EL (ms):                          10499.84  
Median E2EL (ms):                        10505.53  
P50 E2EL (ms):                           10505.53  
P90 E2EL (ms):                           10520.11  
P99 E2EL (ms):                           10544.91  
==================================================
