---------------Time to First Token----------------
Mean TTFT (ms):                          84.41     
Median TTFT (ms):                        83.98     
P50 TTFT (ms):                           83.98     
P90 TTFT (ms):                           85.59     
P99 TTFT (ms):                           86.70     
-----Time per Output Token (excl. 1st token)------
Mean TPOT (ms):                          80.86     
Median TPOT (ms):                        80.85     
P50 TPOT (ms):                           80.85     
P90 TPOT (ms):                           80.88     
P99 TPOT (ms):                           80.88     
---------------Inter-token Latency----------------
Mean ITL (ms):                           80.86     
Median ITL (ms):                         80.74     
P50 ITL (ms):                            80.74     
P90 ITL (ms):                            82.01     
P99 ITL (ms):                            83.26     
----------------End-to-end Latency----------------
Mean E2EL (ms):                          82801.10  
Median E2EL (ms):                        82799.10  
P50 E2EL (ms):                           82799.10  
P90 E2EL (ms):                           82821.09  
P99 E2EL (ms):                           82829.70  
==================================================
