---------------Time to First Token----------------
Mean TTFT (ms):                          84.24     
Median TTFT (ms):                        84.37     
P50 TTFT (ms):                           84.37     
P90 TTFT (ms):                           85.02     
P99 TTFT (ms):                           85.75     
-----Time per Output Token (excl. 1st token)------
Mean TPOT (ms):                          81.02     
Median TPOT (ms):                        80.88     
P50 TPOT (ms):                           80.88     
P90 TPOT (ms):                           81.44     
P99 TPOT (ms):                           81.49     
---------------Inter-token Latency----------------
Mean ITL (ms):                           81.02     
Median ITL (ms):                         80.85     
P50 ITL (ms):                            80.85     
P90 ITL (ms):                            82.21     
P99 ITL (ms):                            86.93     
----------------End-to-end Latency----------------
Mean E2EL (ms):                          82967.40  
Median E2EL (ms):                        82829.45  
P50 E2EL (ms):                           82829.45  
P90 E2EL (ms):                           83400.22  
P99 E2EL (ms):                           83450.04  
==================================================
