---------------Time to First Token----------------
Mean TTFT (ms):                          227.09    
Median TTFT (ms):                        240.35    
P50 TTFT (ms):                           240.35    
P90 TTFT (ms):                           255.44    
P99 TTFT (ms):                           255.88    
-----Time per Output Token (excl. 1st token)------
Mean TPOT (ms):                          65.68     
Median TPOT (ms):                        65.70     
P50 TPOT (ms):                           65.70     
P90 TPOT (ms):                           65.72     
P99 TPOT (ms):                           65.75     
---------------Inter-token Latency----------------
Mean ITL (ms):                           65.68     
Median ITL (ms):                         65.63     
P50 ITL (ms):                            65.63     
P90 ITL (ms):                            66.68     
P99 ITL (ms):                            67.77     
----------------End-to-end Latency----------------
Mean E2EL (ms):                          67422.19  
Median E2EL (ms):                        67452.56  
P50 E2EL (ms):                           67452.56  
P90 E2EL (ms):                           67490.71  
P99 E2EL (ms):                           67493.18  
==================================================
