---------------Time to First Token----------------
Mean TTFT (ms):                          93.36     
Median TTFT (ms):                        92.88     
P50 TTFT (ms):                           92.88     
P90 TTFT (ms):                           96.50     
P99 TTFT (ms):                           98.36     
-----Time per Output Token (excl. 1st token)------
Mean TPOT (ms):                          24.88     
Median TPOT (ms):                        24.87     
P50 TPOT (ms):                           24.87     
P90 TPOT (ms):                           24.96     
P99 TPOT (ms):                           24.98     
---------------Inter-token Latency----------------
Mean ITL (ms):                           24.88     
Median ITL (ms):                         24.88     
P50 ITL (ms):                            24.88     
P90 ITL (ms):                            25.52     
P99 ITL (ms):                            26.21     
----------------End-to-end Latency----------------
Mean E2EL (ms):                          3252.99   
Median E2EL (ms):                        3251.18   
P50 E2EL (ms):                           3251.18   
P90 E2EL (ms):                           3264.39   
P99 E2EL (ms):                           3267.16   
==================================================
