---------------Time to First Token----------------
Mean TTFT (ms):                          93.16     
Median TTFT (ms):                        93.06     
P50 TTFT (ms):                           93.06     
P90 TTFT (ms):                           94.80     
P99 TTFT (ms):                           96.00     
-----Time per Output Token (excl. 1st token)------
Mean TPOT (ms):                          24.92     
Median TPOT (ms):                        24.90     
P50 TPOT (ms):                           24.90     
P90 TPOT (ms):                           25.02     
P99 TPOT (ms):                           25.10     
---------------Inter-token Latency----------------
Mean ITL (ms):                           24.92     
Median ITL (ms):                         24.91     
P50 ITL (ms):                            24.91     
P90 ITL (ms):                            25.61     
P99 ITL (ms):                            26.58     
----------------End-to-end Latency----------------
Mean E2EL (ms):                          3257.48   
Median E2EL (ms):                        3256.18   
P50 E2EL (ms):                           3256.18   
P90 E2EL (ms):                           3271.32   
P99 E2EL (ms):                           3279.50   
==================================================
