---------------Time to First Token----------------
Mean TTFT (ms):                          348.74    
Median TTFT (ms):                        410.33    
P50 TTFT (ms):                           410.33    
P90 TTFT (ms):                           454.92    
P99 TTFT (ms):                           461.69    
-----Time per Output Token (excl. 1st token)------
Mean TPOT (ms):                          24.95     
Median TPOT (ms):                        24.54     
P50 TPOT (ms):                           24.54     
P90 TPOT (ms):                           26.67     
P99 TPOT (ms):                           26.73     
---------------Inter-token Latency----------------
Mean ITL (ms):                           24.95     
Median ITL (ms):                         24.09     
P50 ITL (ms):                            24.09     
P90 ITL (ms):                            24.77     
P99 ITL (ms):                            26.48     
----------------End-to-end Latency----------------
Mean E2EL (ms):                          3516.93   
Median E2EL (ms):                        3527.43   
P50 E2EL (ms):                           3527.43   
P90 E2EL (ms):                           3535.37   
P99 E2EL (ms):                           3541.36   
==================================================
