---------------Time to First Token----------------
Mean TTFT (ms):                          344.39    
Median TTFT (ms):                        410.94    
P50 TTFT (ms):                           410.94    
P90 TTFT (ms):                           455.00    
P99 TTFT (ms):                           462.34    
-----Time per Output Token (excl. 1st token)------
Mean TPOT (ms):                          24.91     
Median TPOT (ms):                        24.53     
P50 TPOT (ms):                           24.53     
P90 TPOT (ms):                           26.66     
P99 TPOT (ms):                           26.70     
---------------Inter-token Latency----------------
Mean ITL (ms):                           24.91     
Median ITL (ms):                         24.10     
P50 ITL (ms):                            24.10     
P90 ITL (ms):                            24.77     
P99 ITL (ms):                            26.20     
----------------End-to-end Latency----------------
Mean E2EL (ms):                          3507.99   
Median E2EL (ms):                        3528.13   
P50 E2EL (ms):                           3528.13   
P90 E2EL (ms):                           3532.65   
P99 E2EL (ms):                           3535.54   
==================================================
