---------------Time to First Token----------------
Mean TTFT (ms):                          37.50     
Median TTFT (ms):                        37.17     
P50 TTFT (ms):                           37.17     
P90 TTFT (ms):                           38.40     
P99 TTFT (ms):                           38.82     
-----Time per Output Token (excl. 1st token)------
Mean TPOT (ms):                          24.90     
Median TPOT (ms):                        24.82     
P50 TPOT (ms):                           24.82     
P90 TPOT (ms):                           25.20     
P99 TPOT (ms):                           25.32     
---------------Inter-token Latency----------------
Mean ITL (ms):                           24.90     
Median ITL (ms):                         24.84     
P50 ITL (ms):                            24.84     
P90 ITL (ms):                            25.55     
P99 ITL (ms):                            27.70     
----------------End-to-end Latency----------------
Mean E2EL (ms):                          25513.24  
Median E2EL (ms):                        25425.93  
P50 E2EL (ms):                           25425.93  
P90 E2EL (ms):                           25817.33  
P99 E2EL (ms):                           25938.38  
==================================================
