---------------Time to First Token----------------
Mean TTFT (ms):                          76.62     
Median TTFT (ms):                        79.76     
P50 TTFT (ms):                           79.76     
P90 TTFT (ms):                           81.17     
P99 TTFT (ms):                           86.51     
-----Time per Output Token (excl. 1st token)------
Mean TPOT (ms):                          23.58     
Median TPOT (ms):                        23.59     
P50 TPOT (ms):                           23.59     
P90 TPOT (ms):                           23.62     
P99 TPOT (ms):                           23.63     
---------------Inter-token Latency----------------
Mean ITL (ms):                           23.58     
Median ITL (ms):                         23.56     
P50 ITL (ms):                            23.56     
P90 ITL (ms):                            24.36     
P99 ITL (ms):                            25.15     
----------------End-to-end Latency----------------
Mean E2EL (ms):                          24196.00  
Median E2EL (ms):                        24201.57  
P50 E2EL (ms):                           24201.57  
P90 E2EL (ms):                           24246.25  
P99 E2EL (ms):                           24248.08  
==================================================
