---------------Time to First Token----------------
Mean TTFT (ms):                          37.42     
Median TTFT (ms):                        37.62     
P50 TTFT (ms):                           37.62     
P90 TTFT (ms):                           38.25     
P99 TTFT (ms):                           38.55     
-----Time per Output Token (excl. 1st token)------
Mean TPOT (ms):                          24.83     
Median TPOT (ms):                        24.83     
P50 TPOT (ms):                           24.83     
P90 TPOT (ms):                           24.85     
P99 TPOT (ms):                           24.85     
---------------Inter-token Latency----------------
Mean ITL (ms):                           24.83     
Median ITL (ms):                         24.82     
P50 ITL (ms):                            24.82     
P90 ITL (ms):                            25.44     
P99 ITL (ms):                            26.13     
----------------End-to-end Latency----------------
Mean E2EL (ms):                          25443.53  
Median E2EL (ms):                        25442.02  
P50 E2EL (ms):                           25442.02  
P90 E2EL (ms):                           25458.04  
P99 E2EL (ms):                           25458.67  
==================================================
