---------------Time to First Token----------------
Mean TTFT (ms):                          37.56     
Median TTFT (ms):                        37.46     
P50 TTFT (ms):                           37.46     
P90 TTFT (ms):                           38.25     
P99 TTFT (ms):                           38.51     
-----Time per Output Token (excl. 1st token)------
Mean TPOT (ms):                          24.81     
Median TPOT (ms):                        24.82     
P50 TPOT (ms):                           24.82     
P90 TPOT (ms):                           24.83     
P99 TPOT (ms):                           24.85     
---------------Inter-token Latency----------------
Mean ITL (ms):                           24.81     
Median ITL (ms):                         24.81     
P50 ITL (ms):                            24.81     
P90 ITL (ms):                            25.43     
P99 ITL (ms):                            26.15     
----------------End-to-end Latency----------------
Mean E2EL (ms):                          25421.89  
Median E2EL (ms):                        25431.72  
P50 E2EL (ms):                           25431.72  
P90 E2EL (ms):                           25442.60  
P99 E2EL (ms):                           25460.24  
==================================================
